// Jest Snapshot v1, https://goo.gl/fbAQLP

exports[`#InfoSkeleton renders correctly 1`] = `
<View
  opacity={0.3}
  style={
    Object {
      "backgroundColor": "#fff",
      "borderRadius": 16,
      "height": 16,
      "marginBottom": 4,
      "opacity": 0.3,
      "paddingHorizontal": 12,
      "paddingVertical": 2,
    }
  }
/>
`;
